---
source: crates/nico-doctor/tests/json_snapshot.rs
expression: v
---
{
  "layers": [
    {
      "checks": [
        {
          "kind": "headline",
          "name": "pods_ready",
          "status": "ok",
          "value": "3/3"
        },
        {
          "kind": "headline",
          "name": "recent_restarts",
          "status": "ok",
          "value": "0"
        },
        {
          "kind": "headline",
          "name": "warning_events",
          "status": "ok",
          "value": "0"
        }
      ],
      "delta": "unchanged",
      "duration_ms": 42,
      "name": "cluster",
      "skipped_reason": null,
      "status": "ok"
    },
    {
      "checks": [
        {
          "kind": "headline",
          "name": "error_lines",
          "status": "ok",
          "value": "0 errors"
        },
        {
          "kind": "headline",
          "name": "source",
          "status": "ok",
          "value": "loki"
        }
      ],
      "delta": "unchanged",
      "duration_ms": 42,
      "name": "logs",
      "skipped_reason": null,
      "status": "ok"
    },
    {
      "checks": [
        {
          "kind": "headline",
          "name": "stuck",
          "status": "ok",
          "value": "0 stuck"
        },
        {
          "kind": "headline",
          "name": "failed",
          "status": "ok",
          "value": "0 failed"
        }
      ],
      "delta": "unchanged",
      "duration_ms": 42,
      "name": "workflows",
      "skipped_reason": null,
      "status": "ok"
    }
  ],
  "namespace": "nico",
  "preflight": {
    "ok": true
  },
  "summary": {
    "fail": 0,
    "ok": 3,
    "skipped": 0,
    "unknown": 0,
    "warn": 0
  },
  "version": 1
}
