---
source: crates/nico-doctor/tests/json_snapshot.rs
expression: v
---
{
  "layers": [
    {
      "checks": [
        {
          "kind": "headline",
          "name": "endpoints",
          "status": "fail",
          "value": "1/2 healthy, 1 failed"
        },
        {
          "kind": "headline",
          "name": "service",
          "status": "fail",
          "value": "core /healthz failed"
        }
      ],
      "delta": "unchanged",
      "duration_ms": 42,
      "name": "health",
      "skipped_reason": null,
      "status": "fail"
    },
    {
      "checks": [
        {
          "kind": "headline",
          "name": "reachable",
          "status": "fail",
          "value": "unreachable"
        }
      ],
      "delta": "unchanged",
      "duration_ms": 42,
      "name": "grpc",
      "skipped_reason": null,
      "status": "fail"
    }
  ],
  "namespace": "prod",
  "preflight": {
    "ok": true
  },
  "summary": {
    "fail": 2,
    "ok": 0,
    "skipped": 0,
    "unknown": 0,
    "warn": 0
  },
  "version": 1
}
