---
source: crates/nico-doctor/tests/json_snapshot.rs
expression: v
---
{
  "layers": [
    {
      "checks": [
        {
          "kind": "headline",
          "name": "pods_ready",
          "status": "ok",
          "value": "2/2"
        }
      ],
      "delta": "unchanged",
      "duration_ms": 42,
      "name": "cluster",
      "skipped_reason": null,
      "status": "ok"
    },
    {
      "checks": [],
      "delta": "unchanged",
      "duration_ms": 5000,
      "name": "workflows",
      "skipped_reason": null,
      "status": "unknown"
    },
    {
      "checks": [],
      "delta": "unchanged",
      "duration_ms": 5000,
      "name": "grpc",
      "skipped_reason": null,
      "status": "unknown"
    }
  ],
  "namespace": "nico",
  "preflight": {
    "ok": true
  },
  "summary": {
    "fail": 0,
    "ok": 1,
    "skipped": 0,
    "unknown": 2,
    "warn": 0
  },
  "version": 1
}
