---
source: crates/nico-doctor/tests/json_snapshot.rs
assertion_line: 85
expression: v
---
{
  "layers": [
    {
      "checks": [
        {
          "kind": "headline",
          "name": "pods_ready",
          "status": "warn",
          "value": "2/3"
        },
        {
          "kind": "headline",
          "name": "recent_restarts",
          "status": "ok",
          "value": "0"
        }
      ],
      "delta": "unchanged",
      "duration_ms": 42,
      "name": "cluster",
      "status": "warn"
    },
    {
      "checks": [
        {
          "kind": "headline",
          "name": "pool",
          "status": "warn",
          "value": "pool 18/20 in-use"
        },
        {
          "kind": "headline",
          "name": "locks",
          "status": "ok",
          "value": "0 lock waits"
        }
      ],
      "delta": "unchanged",
      "duration_ms": 42,
      "name": "postgres",
      "status": "warn"
    }
  ],
  "namespace": "staging",
  "preflight": {
    "ok": true
  },
  "summary": {
    "fail": 0,
    "ok": 0,
    "skipped": 0,
    "unknown": 0,
    "warn": 2
  },
  "version": 1
}
